// Jest Snapshot v1, https://goo.gl/fbAQLP

exports[`Dashboard.vue should match snapshot 1`] = `
<div
  class="container mt-3"
>
  <div
    class="row"
  >
    <div
      class="col-md-10"
    >
      <h2>
        My experiments
      </h2>
       
      <p>
        <span
          class="badge badge-pill badge-success"
        >
          ?
        </span>
         Running
        
        <span
          class="badge badge-pill badge-warning"
        >
          ?
        </span>
         Scheduled
        
        <span
          class="badge badge-pill badge-dark"
        >
          ?
        </span>
         Completed
      
      </p>
       
      <experimentlist-stub
        show="500"
        state="all_scheduled"
        step="40"
        title="Scheduled"
        total="0"
        user="@self"
      />
       
      <p>
        <router-link-stub
          class="btn btn-primary"
          event="click"
          tag="a"
          to="[object Object]"
        >
          New experiment
        </router-link-stub>
      </p>
       
      <!---->
       
      <i
        class="fa fa-spinner fa-spin fa-fw mr-1"
      />
       
      <i>
        loading experiments
      </i>
    </div>
  </div>
</div>
`;
