// Jest Snapshot v1, https://goo.gl/fbAQLP

exports[`ExperimentDetails.vue should match snapshot 1`] = `
<div
  class="container mt-3"
>
  <h2>
    
    Experiment 
    <span
      class="text-muted"
    >
      test1 
      <small>
        #58099
      </small>
    </span>
  </h2>
   
  <ul
    class="list-unstyled"
  >
    <li>
      User 
      <b>
        formet
      </b>
    </li>
     
    <li>
      Submitted 
      <b>
        2017-01-16 15:02:21
      </b>
    </li>
     
    <!---->
     
    <li>
      Started 
      <b>
        2017-01-16 15:02:23
      </b>
    </li>
     
    <li>
      Stopped 
      <b>
        2017-01-16 15:22:41
      </b>
    </li>
     
    <li>
      Duration 
      <b>
        20 minutes
      </b>
    </li>
     
    <!---->
     
    <li>
      Number of nodes 
      <b>
        2
      </b>
    </li>
     
    <li>
      State 
      <span
        class="badge badge-secondary"
      >
        Terminated
      </span>
    </li>
  </ul>
   
  <!---->
   
  <table
    class="table table-striped table-sm"
  >
    <thead>
      <tr>
        <th>
          Nodes
        </th>
         
        <th>
          UID
        </th>
         
        <th>
          Firmware
        </th>
         
        <th>
          Monitoring
        </th>
         
        <th
          class="text-center"
        >
          Deployment
        </th>
         
        <!---->
         
        <!---->
      </tr>
    </thead>
     
    <tbody>
      <tr
        class=""
      >
        <td>
          m3-9.saclay.iot-lab.info
        </td>
         
        <td>
          
        </td>
         
        <td>
          tutorial_m3.elf
        </td>
         
        <td>
          
        </td>
         
        <td
          class="text-center"
        >
          
        </td>
         
        <!---->
         
        <!---->
      </tr>
       
      <tr>
        <td
          class="p-0"
          colspan="7"
        >
          <!---->
        </td>
      </tr>
      <tr
        class=""
      >
        <td>
          m3-12.saclay.iot-lab.info
        </td>
         
        <td>
          
        </td>
         
        <td>
          tutorial_m3.elf
        </td>
         
        <td>
          
        </td>
         
        <td
          class="text-center"
        >
          
        </td>
         
        <!---->
         
        <!---->
      </tr>
       
      <tr>
        <td
          class="p-0"
          colspan="7"
        >
          <!---->
        </td>
      </tr>
    </tbody>
  </table>
   
  <div
    aria-hidden="true"
    aria-labelledby="firmwareModal"
    class="modal fade firmware-modal"
    role="dialog"
    tabindex="-1"
  >
    <div
      class="modal-dialog"
    >
      <div
        class="modal-content"
      >
        <div
          class="modal-header bg-light"
        >
          <h5
            class="modal-title"
          >
            Upload firmware
          </h5>
           
          <button
            aria-label="Close"
            class="close"
            data-dismiss="modal"
            type="button"
          >
            <span
              aria-hidden="true"
            >
              Ã—
            </span>
          </button>
        </div>
         
        <div
          class="modal-body py-4"
        >
          <label
            class="custom-file"
          >
            <input
              class="custom-file-input"
              id="file"
              type="file"
            />
             
            <span
              class="custom-file-control"
            >
              
            </span>
          </label>
        </div>
         
        <div
          class="modal-footer dborder-0 dbg-light"
        >
          <button
            class="btn"
            data-dismiss="modal"
            type="button"
          >
            Close
          </button>
           
          <button
            class="btn btn-success"
            type="button"
          >
            Flash
          </button>
        </div>
      </div>
    </div>
  </div>
</div>
`;
