// Jest Snapshot v1, https://goo.gl/fbAQLP

exports[`RunningExperiments.vue should match snapshot 1`] = `
<div
  class="mt-3 mb-4"
>
  <table
    class="table table-striped table-sm mt-3"
  >
    <thead>
      <tr>
        <th>
          Id
        </th>
         
        <th>
          User
        </th>
         
        <th>
          Elapsed
        </th>
         
        <th>
          State
        </th>
         
        <th>
          Ending
        </th>
         
        <th>
          Nodes
        </th>
      </tr>
    </thead>
     
    <tbody>
      <tr>
        <td
          class="nowrap"
        >
          13308
        </td>
         
        <td
          class="nowrap"
        >
          bformet
        </td>
         
        <td
          class="durationProgress nowrap"
          style="text-align: center;"
          title="remaining 20 minutes"
        >
          
          
          
          <small
            class="text-dark"
          >
            (0%)
          </small>
        </td>
         
        <td
          class="nowrap"
        >
          <span
            class="badge badge-state badge-success"
          >
            Running
          </span>
        </td>
         
        <td
          class="nowrap"
          title="started 2018-09-25 17:02"
        >
          2018-09-25 17:22
        </td>
         
        <td
          style="width: 600px;"
        >
          <div
            class="ellipsis ellipsis-indicator cursor"
          >
            <span
              class="text-muted nowrap mr-1"
            >
              (3 nodes)
            </span>
             
            <span
              class="nodes mr-1 comma"
            >
              m3-10.devgrenoble
            </span>
            <span
              class="nodes mr-1 comma"
            >
              m3-12.devgrenoble
            </span>
            <span
              class="nodes mr-1"
            >
              m3-13.devgrenoble
            </span>
          </div>
        </td>
      </tr>
      <tr>
        <td
          class="nowrap"
        >
          13309
        </td>
         
        <td
          class="nowrap"
        >
          bformet
        </td>
         
        <td
          class="durationProgress nowrap"
          style="text-align: center;"
          title="remaining 1 hour"
        >
          
          
          
          <small
            class="text-dark"
          >
            (0%)
          </small>
        </td>
         
        <td
          class="nowrap"
        >
          <span
            class="badge badge-state badge-success"
          >
            Running
          </span>
        </td>
         
        <td
          class="nowrap"
          title="started 2018-09-25 17:03"
        >
          2018-09-25 18:03
        </td>
         
        <td
          style="width: 600px;"
        >
          <div
            class="ellipsis ellipsis-indicator cursor"
          >
            <span
              class="text-muted nowrap mr-1"
            >
              (10 nodes)
            </span>
             
            <span
              class="nodes mr-1 comma"
            >
              a8-1.devgrenoble
            </span>
            <span
              class="nodes mr-1 comma"
            >
              a8-17.devgrenoble
            </span>
            <span
              class="nodes mr-1 comma"
            >
              a8-2.devgrenoble
            </span>
            <span
              class="nodes mr-1 comma"
            >
              a8-3.devgrenoble
            </span>
            <span
              class="nodes mr-1 comma"
            >
              a8-4.devgrenoble
            </span>
            <span
              class="nodes mr-1 comma"
            >
              a8-5.devgrenoble
            </span>
            <span
              class="nodes mr-1 comma"
            >
              a8-6.devgrenoble
            </span>
            <span
              class="nodes mr-1 comma"
            >
              a8-7.devgrenoble
            </span>
            <span
              class="nodes mr-1 comma"
            >
              a8-8.devgrenoble
            </span>
            <span
              class="nodes mr-1"
            >
              a8-9.devgrenoble
            </span>
          </div>
        </td>
      </tr>
    </tbody>
  </table>
</div>
`;
